{"level":30,"time":"2026-08-04T06:03:16.157Z","service.name":"redirector","service.version":"workshop02","msg":"Instrumentation started"}
{"level":30,"time":"2026-08-04T06:03:16.793Z","service.name":"redirector","service.version":"workshop02","msg":"Redirector service listening on port 5001"}
{"level":30,"time":"2026-08-04T06:04:05.208Z","service.name":"redirector","service.version":"workshop02","trace_id":"23e37515ab9ed6fd314688ca8e282ba5","span_id":"fc01e0c548420d4c","trace_flags":"01","cached":null,"cache_hit":false,"lookup_code":"3gnCif08","msg":"Lookup code ${code}"}
{"level":30,"time":"2026-08-04T06:04:05.208Z","service.name":"redirector","service.version":"workshop02","trace_id":"23e37515ab9ed6fd314688ca8e282ba5","span_id":"fc01e0c548420d4c","trace_flags":"01","msg":"GET /resolve/:code"}
{"level":30,"time":"2026-08-04T06:04:07.280Z","service.name":"redirector","service.version":"workshop02","trace_id":"588187c294a1ccea01a487ca649f71ef","span_id":"8fb93f475890eaea","trace_flags":"01","cached":null,"cache_hit":false,"lookup_code":"undefined","msg":"Lookup code ${code}"}
{"level":30,"time":"2026-08-04T06:04:07.280Z","service.name":"redirector","service.version":"workshop02","trace_id":"588187c294a1ccea01a487ca649f71ef","span_id":"8fb93f475890eaea","trace_flags":"01","msg":"GET /resolve/:code"}
{"level":30,"time":"2026-08-04T06:04:10.296Z","service.name":"redirector","service.version":"workshop02","trace_id":"d20006425c5904d9b9ac0ebdc68e0852","span_id":"58e0a8885677fad0","trace_flags":"01","cached":null,"cache_hit":false,"lookup_code":"undefined","msg":"Lookup code ${code}"}
{"level":30,"time":"2026-08-04T06:04:10.296Z","service.name":"redirector","service.version":"workshop02","trace_id":"d20006425c5904d9b9ac0ebdc68e0852","span_id":"58e0a8885677fad0","trace_flags":"01","msg":"GET /resolve/:code"}
{"level":30,"time":"2026-08-04T06:04:18.333Z","service.name":"redirector","service.version":"workshop02","trace_id":"9b58bf1332c769705ac439b8022077f3","span_id":"0fb8630296178bf4","trace_flags":"01","cached":null,"cache_hit":false,"lookup_code":"undefined","msg":"Lookup code ${code}"}
{"level":30,"time":"2026-08-04T06:04:18.334Z","service.name":"redirector","service.version":"workshop02","trace_id":"9b58bf1332c769705ac439b8022077f3","span_id":"0fb8630296178bf4","trace_flags":"01","msg":"GET /resolve/:code"}
{"level":50,"time":"2026-08-04T06:04:18.337Z","service.name":"redirector","service.version":"workshop02","trace_id":"9b58bf1332c769705ac439b8022077f3","span_id":"0fb8630296178bf4","trace_flags":"01","err":{"type":"Error","message":"This is an injected error","stack":"Error: This is an injected error\n    at injectError (file:///app/redirector/routes.js:14:11)\n    at file:///app/redirector/routes.js:49:11\n    at process.processTicksAndRejections (node:internal/process/task_queues:104:5)"},"msg":"Resolve failed"}
{"level":30,"time":"2026-08-04T06:04:25.374Z","service.name":"redirector","service.version":"workshop02","trace_id":"5c3aa3650c2db98e3e77a7157e76e099","span_id":"5f72e7dea3514241","trace_flags":"01","cached":null,"cache_hit":false,"lookup_code":"undefined","msg":"Lookup code ${code}"}
{"level":30,"time":"2026-08-04T06:04:25.374Z","service.name":"redirector","service.version":"workshop02","trace_id":"5c3aa3650c2db98e3e77a7157e76e099","span_id":"5f72e7dea3514241","trace_flags":"01","msg":"GET /resolve/:code"}
{"level":30,"time":"2026-08-04T06:04:33.430Z","service.name":"redirector","service.version":"workshop02","trace_id":"1217de27a55241ed97e9006a33ac5e7d","span_id":"2420b2bfb1204611","trace_flags":"01","cached":null,"cache_hit":false,"lookup_code":"undefined","msg":"Lookup code ${code}"}
{"level":30,"time":"2026-08-04T06:04:33.430Z","service.name":"redirector","service.version":"workshop02","trace_id":"1217de27a55241ed97e9006a33ac5e7d","span_id":"2420b2bfb1204611","trace_flags":"01","msg":"GET /resolve/:code"}
{"level":30,"time":"2026-08-04T06:04:35.442Z","service.name":"redirector","service.version":"workshop02","trace_id":"4ce7eee96c661a254996a46be3c04c14","span_id":"c1129b84faca81bb","trace_flags":"01","cached":null,"cache_hit":false,"lookup_code":"undefined","msg":"Lookup code ${code}"}
{"level":30,"time":"2026-08-04T06:04:35.442Z","service.name":"redirector","service.version":"workshop02","trace_id":"4ce7eee96c661a254996a46be3c04c14","span_id":"c1129b84faca81bb","trace_flags":"01","msg":"GET /resolve/:code"}
{"level":30,"time":"2026-08-04T06:04:37.456Z","service.name":"redirector","service.version":"workshop02","trace_id":"e79d85c3ab0980119ae3e9f16b331cf9","span_id":"97203889145d107e","trace_flags":"01","cached":null,"cache_hit":false,"lookup_code":"undefined","msg":"Lookup code ${code}"}
{"level":30,"time":"2026-08-04T06:04:37.456Z","service.name":"redirector","service.version":"workshop02","trace_id":"e79d85c3ab0980119ae3e9f16b331cf9","span_id":"97203889145d107e","trace_flags":"01","msg":"GET /resolve/:code"}
{"level":30,"time":"2026-08-04T06:04:45.499Z","service.name":"redirector","service.version":"workshop02","trace_id":"a8601f54be2f201fa2722ad65b51c50d","span_id":"5f7b801db1ec493a","trace_flags":"01","cached":null,"cache_hit":false,"lookup_code":"undefined","msg":"Lookup code ${code}"}
{"level":30,"time":"2026-08-04T06:04:45.499Z","service.name":"redirector","service.version":"workshop02","trace_id":"a8601f54be2f201fa2722ad65b51c50d","span_id":"5f7b801db1ec493a","trace_flags":"01","msg":"GET /resolve/:code"}
{"level":30,"time":"2026-08-04T06:04:49.513Z","service.name":"redirector","service.version":"workshop02","trace_id":"1d97158fc640ea9c0033ceb5e39ca200","span_id":"3cabcbd7cb804490","trace_flags":"01","cached":null,"cache_hit":false,"lookup_code":"undefined","msg":"Lookup code ${code}"}
{"level":30,"time":"2026-08-04T06:04:49.514Z","service.name":"redirector","service.version":"workshop02","trace_id":"1d97158fc640ea9c0033ceb5e39ca200","span_id":"3cabcbd7cb804490","trace_flags":"01","msg":"GET /resolve/:code"}
{"level":50,"time":"2026-08-04T06:04:49.516Z","service.name":"redirector","service.version":"workshop02","trace_id":"1d97158fc640ea9c0033ceb5e39ca200","span_id":"3cabcbd7cb804490","trace_flags":"01","err":{"type":"Error","message":"This is an injected error","stack":"Error: This is an injected error\n    at injectError (file:///app/redirector/routes.js:14:11)\n    at file:///app/redirector/routes.js:49:11\n    at process.processTicksAndRejections (node:internal/process/task_queues:104:5)"},"msg":"Resolve failed"}
{"level":30,"time":"2026-08-04T06:04:52.528Z","service.name":"redirector","service.version":"workshop02","trace_id":"a84c0c6802d8be8b921040775d1415dc","span_id":"7f44601f13e24bfa","trace_flags":"01","cached":null,"cache_hit":false,"lookup_code":"PoiA0Svy","msg":"Lookup code ${code}"}
{"level":30,"time":"2026-08-04T06:04:52.528Z","service.name":"redirector","service.version":"workshop02","trace_id":"a84c0c6802d8be8b921040775d1415dc","span_id":"7f44601f13e24bfa","trace_flags":"01","msg":"GET /resolve/:code"}
{"level":30,"time":"2026-08-04T06:04:55.540Z","service.name":"redirector","service.version":"workshop02","trace_id":"480778e2466351ec40707883faf1effd","span_id":"54bd10ccc34f4119","trace_flags":"01","cached":null,"cache_hit":false,"lookup_code":"undefined","msg":"Lookup code ${code}"}
{"level":30,"time":"2026-08-04T06:04:55.540Z","service.name":"redirector","service.version":"workshop02","trace_id":"480778e2466351ec40707883faf1effd","span_id":"54bd10ccc34f4119","trace_flags":"01","msg":"GET /resolve/:code"}
{"level":30,"time":"2026-08-04T06:05:00.553Z","service.name":"redirector","service.version":"workshop02","trace_id":"3c527c5d6f8194acbdfbcf2eaa817848","span_id":"b20d18667cac099b","trace_flags":"01","cached":null,"cache_hit":false,"lookup_code":"d1crctiS","msg":"Lookup code ${code}"}
{"level":30,"time":"2026-08-04T06:05:00.553Z","service.name":"redirector","service.version":"workshop02","trace_id":"3c527c5d6f8194acbdfbcf2eaa817848","span_id":"b20d18667cac099b","trace_flags":"01","msg":"GET /resolve/:code"}
{"level":30,"time":"2026-08-04T06:05:04.564Z","service.name":"redirector","service.version":"workshop02","trace_id":"7a78215d5d587e93f052a9eade7ff769","span_id":"775a8abe37cdc9b9","trace_flags":"01","cached":null,"cache_hit":false,"lookup_code":"L2k9hcFz","msg":"Lookup code ${code}"}
{"level":30,"time":"2026-08-04T06:05:04.564Z","service.name":"redirector","service.version":"workshop02","trace_id":"7a78215d5d587e93f052a9eade7ff769","span_id":"775a8abe37cdc9b9","trace_flags":"01","msg":"GET /resolve/:code"}
{"level":50,"time":"2026-08-04T06:05:04.565Z","service.name":"redirector","service.version":"workshop02","trace_id":"7a78215d5d587e93f052a9eade7ff769","span_id":"775a8abe37cdc9b9","trace_flags":"01","err":{"type":"Error","message":"This is an injected error","stack":"Error: This is an injected error\n    at injectError (file:///app/redirector/routes.js:14:11)\n    at file:///app/redirector/routes.js:49:11\n    at process.processTicksAndRejections (node:internal/process/task_queues:104:5)"},"msg":"Resolve failed"}
{"level":30,"time":"2026-08-04T06:05:05.575Z","service.name":"redirector","service.version":"workshop02","trace_id":"fef426a62d07fa3add6d4b645ca47617","span_id":"1735e1b1717745ab","trace_flags":"01","cached":null,"cache_hit":false,"lookup_code":"undefined","msg":"Lookup code ${code}"}
{"level":30,"time":"2026-08-04T06:05:05.575Z","service.name":"redirector","service.version":"workshop02","trace_id":"fef426a62d07fa3add6d4b645ca47617","span_id":"1735e1b1717745ab","trace_flags":"01","msg":"GET /resolve/:code"}
{"level":30,"time":"2026-08-04T06:05:07.586Z","service.name":"redirector","service.version":"workshop02","trace_id":"f8d3d5de227dda83ab526b045056158f","span_id":"14976030dbdd197a","trace_flags":"01","cached":null,"cache_hit":false,"lookup_code":"undefined","msg":"Lookup code ${code}"}
{"level":30,"time":"2026-08-04T06:05:07.587Z","service.name":"redirector","service.version":"workshop02","trace_id":"f8d3d5de227dda83ab526b045056158f","span_id":"14976030dbdd197a","trace_flags":"01","msg":"GET /resolve/:code"}
{"level":50,"time":"2026-08-04T06:05:07.589Z","service.name":"redirector","service.version":"workshop02","trace_id":"f8d3d5de227dda83ab526b045056158f","span_id":"14976030dbdd197a","trace_flags":"01","err":{"type":"Error","message":"This is an injected error","stack":"Error: This is an injected error\n    at injectError (file:///app/redirector/routes.js:14:11)\n    at file:///app/redirector/routes.js:49:11\n    at process.processTicksAndRejections (node:internal/process/task_queues:104:5)"},"msg":"Resolve failed"}
{"level":30,"time":"2026-08-04T06:05:12.598Z","service.name":"redirector","service.version":"workshop02","trace_id":"22a75d470c3674b2c08d6c4d8a94804d","span_id":"09b75e9da2db4cc6","trace_flags":"01","cached":null,"cache_hit":false,"lookup_code":"undefined","msg":"Lookup code ${code}"}
{"level":30,"time":"2026-08-04T06:05:12.598Z","service.name":"redirector","service.version":"workshop02","trace_id":"22a75d470c3674b2c08d6c4d8a94804d","span_id":"09b75e9da2db4cc6","trace_flags":"01","msg":"GET /resolve/:code"}
{"level":30,"time":"2026-08-04T06:05:17.611Z","service.name":"redirector","service.version":"workshop02","trace_id":"2c30c2867931692bbf7d251a9f765851","span_id":"cb1a0540feeb83af","trace_flags":"01","cached":null,"cache_hit":false,"lookup_code":"undefined","msg":"Lookup code ${code}"}
{"level":30,"time":"2026-08-04T06:05:17.612Z","service.name":"redirector","service.version":"workshop02","trace_id":"2c30c2867931692bbf7d251a9f765851","span_id":"cb1a0540feeb83af","trace_flags":"01","msg":"GET /resolve/:code"}
{"level":50,"time":"2026-08-04T06:05:17.614Z","service.name":"redirector","service.version":"workshop02","trace_id":"2c30c2867931692bbf7d251a9f765851","span_id":"cb1a0540feeb83af","trace_flags":"01","err":{"type":"Error","message":"This is an injected error","stack":"Error: This is an injected error\n    at injectError (file:///app/redirector/routes.js:14:11)\n    at file:///app/redirector/routes.js:49:11\n    at process.processTicksAndRejections (node:internal/process/task_queues:104:5)"},"msg":"Resolve failed"}
{"level":30,"time":"2026-08-04T06:05:20.675Z","service.name":"redirector","service.version":"workshop02","trace_id":"76a55c6553901a6a911bab67aa839aea","span_id":"48719abbfa4e8fba","trace_flags":"01","cached":null,"cache_hit":false,"lookup_code":"undefined","msg":"Lookup code ${code}"}
{"level":30,"time":"2026-08-04T06:05:20.675Z","service.name":"redirector","service.version":"workshop02","trace_id":"76a55c6553901a6a911bab67aa839aea","span_id":"48719abbfa4e8fba","trace_flags":"01","msg":"GET /resolve/:code"}
{"level":50,"time":"2026-08-04T06:05:20.676Z","service.name":"redirector","service.version":"workshop02","trace_id":"76a55c6553901a6a911bab67aa839aea","span_id":"48719abbfa4e8fba","trace_flags":"01","err":{"type":"Error","message":"This is an injected error","stack":"Error: This is an injected error\n    at injectError (file:///app/redirector/routes.js:14:11)\n    at file:///app/redirector/routes.js:49:11\n    at process.processTicksAndRejections (node:internal/process/task_queues:104:5)"},"msg":"Resolve failed"}
{"level":30,"time":"2026-08-04T06:05:21.686Z","service.name":"redirector","service.version":"workshop02","trace_id":"bdb9c66e59a262309b72300609d17e90","span_id":"6d7ada2c66613005","trace_flags":"01","cached":null,"cache_hit":false,"lookup_code":"undefined","msg":"Lookup code ${code}"}
{"level":30,"time":"2026-08-04T06:05:21.687Z","service.name":"redirector","service.version":"workshop02","trace_id":"bdb9c66e59a262309b72300609d17e90","span_id":"6d7ada2c66613005","trace_flags":"01","msg":"GET /resolve/:code"}
{"level":30,"time":"2026-08-04T06:05:25.699Z","service.name":"redirector","service.version":"workshop02","trace_id":"c7e707efc0f25e2883c0f9e6f1852da1","span_id":"6f2c7ebe2057f5c1","trace_flags":"01","cached":null,"cache_hit":false,"lookup_code":"undefined","msg":"Lookup code ${code}"}
{"level":30,"time":"2026-08-04T06:05:25.700Z","service.name":"redirector","service.version":"workshop02","trace_id":"c7e707efc0f25e2883c0f9e6f1852da1","span_id":"6f2c7ebe2057f5c1","trace_flags":"01","msg":"GET /resolve/:code"}
{"level":30,"time":"2026-08-04T06:05:26.715Z","service.name":"redirector","service.version":"workshop02","trace_id":"fbf23076b9ebb7022c3d731b7698ac28","span_id":"ba88ea235e24e5d6","trace_flags":"01","cached":null,"cache_hit":false,"lookup_code":"undefined","msg":"Lookup code ${code}"}
{"level":30,"time":"2026-08-04T06:05:26.715Z","service.name":"redirector","service.version":"workshop02","trace_id":"fbf23076b9ebb7022c3d731b7698ac28","span_id":"ba88ea235e24e5d6","trace_flags":"01","msg":"GET /resolve/:code"}
{"level":30,"time":"2026-08-04T06:05:29.731Z","service.name":"redirector","service.version":"workshop02","trace_id":"188dd6c7d5106afac53b8a2e27a61a95","span_id":"1177bcc2cdb8aac5","trace_flags":"01","cached":null,"cache_hit":false,"lookup_code":"undefined","msg":"Lookup code ${code}"}
{"level":30,"time":"2026-08-04T06:05:29.731Z","service.name":"redirector","service.version":"workshop02","trace_id":"188dd6c7d5106afac53b8a2e27a61a95","span_id":"1177bcc2cdb8aac5","trace_flags":"01","msg":"GET /resolve/:code"}
{"level":30,"time":"2026-08-04T06:05:37.765Z","service.name":"redirector","service.version":"workshop02","trace_id":"e8fa61c8e38bf99e5d669abb7fcda60b","span_id":"09278e928e4ff46c","trace_flags":"01","cached":null,"cache_hit":false,"lookup_code":"undefined","msg":"Lookup code ${code}"}
{"level":30,"time":"2026-08-04T06:05:37.765Z","service.name":"redirector","service.version":"workshop02","trace_id":"e8fa61c8e38bf99e5d669abb7fcda60b","span_id":"09278e928e4ff46c","trace_flags":"01","msg":"GET /resolve/:code"}
{"level":30,"time":"2026-08-04T06:05:39.775Z","service.name":"redirector","service.version":"workshop02","trace_id":"728957373f1b215e5cb081e007101833","span_id":"bab54bbbad03164a","trace_flags":"01","cached":null,"cache_hit":false,"lookup_code":"undefined","msg":"Lookup code ${code}"}
{"level":30,"time":"2026-08-04T06:05:39.776Z","service.name":"redirector","service.version":"workshop02","trace_id":"728957373f1b215e5cb081e007101833","span_id":"bab54bbbad03164a","trace_flags":"01","msg":"GET /resolve/:code"}
{"level":50,"time":"2026-08-04T06:05:39.777Z","service.name":"redirector","service.version":"workshop02","trace_id":"728957373f1b215e5cb081e007101833","span_id":"bab54bbbad03164a","trace_flags":"01","err":{"type":"Error","message":"This is an injected error","stack":"Error: This is an injected error\n    at injectError (file:///app/redirector/routes.js:14:11)\n    at file:///app/redirector/routes.js:49:11\n    at process.processTicksAndRejections (node:internal/process/task_queues:104:5)"},"msg":"Resolve failed"}
{"level":30,"time":"2026-08-04T06:05:46.847Z","service.name":"redirector","service.version":"workshop02","trace_id":"81f057c32086a8a08c9cc5a4273ec87c","span_id":"b513f90ce216d75d","trace_flags":"01","cached":null,"cache_hit":false,"lookup_code":"undefined","msg":"Lookup code ${code}"}
{"level":30,"time":"2026-08-04T06:05:46.848Z","service.name":"redirector","service.version":"workshop02","trace_id":"81f057c32086a8a08c9cc5a4273ec87c","span_id":"b513f90ce216d75d","trace_flags":"01","msg":"GET /resolve/:code"}
{"level":30,"time":"2026-08-04T06:05:49.860Z","service.name":"redirector","service.version":"workshop02","trace_id":"242ace7a2e7ac3c971c189bbffb7dd49","span_id":"9df9728b23a8df21","trace_flags":"01","cached":null,"cache_hit":false,"lookup_code":"undefined","msg":"Lookup code ${code}"}
{"level":30,"time":"2026-08-04T06:05:49.860Z","service.name":"redirector","service.version":"workshop02","trace_id":"242ace7a2e7ac3c971c189bbffb7dd49","span_id":"9df9728b23a8df21","trace_flags":"01","msg":"GET /resolve/:code"}
{"level":30,"time":"2026-08-04T06:05:51.871Z","service.name":"redirector","service.version":"workshop02","trace_id":"382101b3af82731432ba314b6e8d9bd9","span_id":"16c05d315ac8d7ab","trace_flags":"01","cached":null,"cache_hit":false,"lookup_code":"cBNSN0RP","msg":"Lookup code ${code}"}
{"level":30,"time":"2026-08-04T06:05:51.871Z","service.name":"redirector","service.version":"workshop02","trace_id":"382101b3af82731432ba314b6e8d9bd9","span_id":"16c05d315ac8d7ab","trace_flags":"01","msg":"GET /resolve/:code"}
{"level":30,"time":"2026-08-04T06:05:55.884Z","service.name":"redirector","service.version":"workshop02","trace_id":"66068838d5abcf4717b1602fc868d2f3","span_id":"bd32baba20d42b6e","trace_flags":"01","cached":null,"cache_hit":false,"lookup_code":"undefined","msg":"Lookup code ${code}"}
{"level":30,"time":"2026-08-04T06:05:55.884Z","service.name":"redirector","service.version":"workshop02","trace_id":"66068838d5abcf4717b1602fc868d2f3","span_id":"bd32baba20d42b6e","trace_flags":"01","msg":"GET /resolve/:code"}
{"level":30,"time":"2026-08-04T06:06:04.932Z","service.name":"redirector","service.version":"workshop02","trace_id":"cc6c0ea72d624c64a53bc0882e15592c","span_id":"24d32f69cfb0328a","trace_flags":"01","cached":null,"cache_hit":false,"lookup_code":"undefined","msg":"Lookup code ${code}"}
{"level":30,"time":"2026-08-04T06:06:04.933Z","service.name":"redirector","service.version":"workshop02","trace_id":"cc6c0ea72d624c64a53bc0882e15592c","span_id":"24d32f69cfb0328a","trace_flags":"01","msg":"GET /resolve/:code"}
{"level":50,"time":"2026-08-04T06:06:04.934Z","service.name":"redirector","service.version":"workshop02","trace_id":"cc6c0ea72d624c64a53bc0882e15592c","span_id":"24d32f69cfb0328a","trace_flags":"01","err":{"type":"Error","message":"This is an injected error","stack":"Error: This is an injected error\n    at injectError (file:///app/redirector/routes.js:14:11)\n    at file:///app/redirector/routes.js:49:11\n    at process.processTicksAndRejections (node:internal/process/task_queues:104:5)"},"msg":"Resolve failed"}
{"level":30,"time":"2026-08-04T06:06:10.952Z","service.name":"redirector","service.version":"workshop02","trace_id":"090fb26d8a5bfe44db0567d3c1567122","span_id":"9bce9901fda22e48","trace_flags":"01","cached":null,"cache_hit":false,"lookup_code":"undefined","msg":"Lookup code ${code}"}
{"level":30,"time":"2026-08-04T06:06:10.952Z","service.name":"redirector","service.version":"workshop02","trace_id":"090fb26d8a5bfe44db0567d3c1567122","span_id":"9bce9901fda22e48","trace_flags":"01","msg":"GET /resolve/:code"}
{"level":50,"time":"2026-08-04T06:06:10.953Z","service.name":"redirector","service.version":"workshop02","trace_id":"090fb26d8a5bfe44db0567d3c1567122","span_id":"9bce9901fda22e48","trace_flags":"01","err":{"type":"Error","message":"This is an injected error","stack":"Error: This is an injected error\n    at injectError (file:///app/redirector/routes.js:14:11)\n    at file:///app/redirector/routes.js:49:11\n    at process.processTicksAndRejections (node:internal/process/task_queues:104:5)"},"msg":"Resolve failed"}
{"level":30,"time":"2026-08-04T06:06:19.980Z","service.name":"redirector","service.version":"workshop02","trace_id":"06ba4261b1a8f0dff6bfe8a7fc04c26e","span_id":"5ee832d86e9fb637","trace_flags":"01","cached":null,"cache_hit":false,"lookup_code":"uXavETps","msg":"Lookup code ${code}"}
{"level":30,"time":"2026-08-04T06:06:19.980Z","service.name":"redirector","service.version":"workshop02","trace_id":"06ba4261b1a8f0dff6bfe8a7fc04c26e","span_id":"5ee832d86e9fb637","trace_flags":"01","msg":"GET /resolve/:code"}
{"level":30,"time":"2026-08-04T06:06:21.992Z","service.name":"redirector","service.version":"workshop02","trace_id":"9420b49404f66fb226086099a22cdaf5","span_id":"c224afe112585696","trace_flags":"01","cached":null,"cache_hit":false,"lookup_code":"HJl5tTtm","msg":"Lookup code ${code}"}
{"level":30,"time":"2026-08-04T06:06:21.992Z","service.name":"redirector","service.version":"workshop02","trace_id":"9420b49404f66fb226086099a22cdaf5","span_id":"c224afe112585696","trace_flags":"01","msg":"GET /resolve/:code"}
{"level":30,"time":"2026-08-04T06:06:23.006Z","service.name":"redirector","service.version":"workshop02","trace_id":"f96e58231018f650a895d11b9a3f9e54","span_id":"19219ec73e1fa731","trace_flags":"01","cached":null,"cache_hit":false,"lookup_code":"undefined","msg":"Lookup code ${code}"}
{"level":30,"time":"2026-08-04T06:06:23.006Z","service.name":"redirector","service.version":"workshop02","trace_id":"f96e58231018f650a895d11b9a3f9e54","span_id":"19219ec73e1fa731","trace_flags":"01","msg":"GET /resolve/:code"}
{"level":50,"time":"2026-08-04T06:06:23.008Z","service.name":"redirector","service.version":"workshop02","trace_id":"f96e58231018f650a895d11b9a3f9e54","span_id":"19219ec73e1fa731","trace_flags":"01","err":{"type":"Error","message":"This is an injected error","stack":"Error: This is an injected error\n    at injectError (file:///app/redirector/routes.js:14:11)\n    at file:///app/redirector/routes.js:49:11\n    at process.processTicksAndRejections (node:internal/process/task_queues:104:5)"},"msg":"Resolve failed"}
{"level":30,"time":"2026-08-04T06:06:29.031Z","service.name":"redirector","service.version":"workshop02","trace_id":"41763d052647baf7bbc367b1c1974498","span_id":"892bb45339027d78","trace_flags":"01","cached":null,"cache_hit":false,"lookup_code":"ykjOeDdL","msg":"Lookup code ${code}"}
{"level":30,"time":"2026-08-04T06:06:29.031Z","service.name":"redirector","service.version":"workshop02","trace_id":"41763d052647baf7bbc367b1c1974498","span_id":"892bb45339027d78","trace_flags":"01","msg":"GET /resolve/:code"}
{"level":30,"time":"2026-08-04T06:06:34.042Z","service.name":"redirector","service.version":"workshop02","trace_id":"b091b576d31bad26d50d3196d62e3667","span_id":"bfb78f37882e6376","trace_flags":"01","cached":null,"cache_hit":false,"lookup_code":"KPiV0PdJ","msg":"Lookup code ${code}"}
{"level":30,"time":"2026-08-04T06:06:34.042Z","service.name":"redirector","service.version":"workshop02","trace_id":"b091b576d31bad26d50d3196d62e3667","span_id":"bfb78f37882e6376","trace_flags":"01","msg":"GET /resolve/:code"}
{"level":50,"time":"2026-08-04T06:06:34.044Z","service.name":"redirector","service.version":"workshop02","trace_id":"b091b576d31bad26d50d3196d62e3667","span_id":"bfb78f37882e6376","trace_flags":"01","err":{"type":"Error","message":"This is an injected error","stack":"Error: This is an injected error\n    at injectError (file:///app/redirector/routes.js:14:11)\n    at file:///app/redirector/routes.js:49:11\n    at process.processTicksAndRejections (node:internal/process/task_queues:104:5)"},"msg":"Resolve failed"}
{"level":30,"time":"2026-08-04T06:06:37.074Z","service.name":"redirector","service.version":"workshop02","trace_id":"a80dacbeed26859c97d7391a465ac657","span_id":"7be8beece2b7f310","trace_flags":"01","cached":null,"cache_hit":false,"lookup_code":"undefined","msg":"Lookup code ${code}"}
{"level":30,"time":"2026-08-04T06:06:37.074Z","service.name":"redirector","service.version":"workshop02","trace_id":"a80dacbeed26859c97d7391a465ac657","span_id":"7be8beece2b7f310","trace_flags":"01","msg":"GET /resolve/:code"}
{"level":50,"time":"2026-08-04T06:06:37.075Z","service.name":"redirector","service.version":"workshop02","trace_id":"a80dacbeed26859c97d7391a465ac657","span_id":"7be8beece2b7f310","trace_flags":"01","err":{"type":"Error","message":"This is an injected error","stack":"Error: This is an injected error\n    at injectError (file:///app/redirector/routes.js:14:11)\n    at file:///app/redirector/routes.js:49:11\n    at process.processTicksAndRejections (node:internal/process/task_queues:104:5)"},"msg":"Resolve failed"}
{"level":30,"time":"2026-08-04T06:06:39.094Z","service.name":"redirector","service.version":"workshop02","trace_id":"1b67dfd8a193b3b5cf6445e38c86bac2","span_id":"06108bdef28cebb9","trace_flags":"01","cached":null,"cache_hit":false,"lookup_code":"undefined","msg":"Lookup code ${code}"}
{"level":30,"time":"2026-08-04T06:06:39.094Z","service.name":"redirector","service.version":"workshop02","trace_id":"1b67dfd8a193b3b5cf6445e38c86bac2","span_id":"06108bdef28cebb9","trace_flags":"01","msg":"GET /resolve/:code"}
{"level":50,"time":"2026-08-04T06:06:39.096Z","service.name":"redirector","service.version":"workshop02","trace_id":"1b67dfd8a193b3b5cf6445e38c86bac2","span_id":"06108bdef28cebb9","trace_flags":"01","err":{"type":"Error","message":"This is an injected error","stack":"Error: This is an injected error\n    at injectError (file:///app/redirector/routes.js:14:11)\n    at file:///app/redirector/routes.js:49:11\n    at process.processTicksAndRejections (node:internal/process/task_queues:104:5)"},"msg":"Resolve failed"}
{"level":30,"time":"2026-08-04T06:06:48.120Z","service.name":"redirector","service.version":"workshop02","trace_id":"d55c332d508655e324c597d245e1c0b2","span_id":"8506348d8e01e694","trace_flags":"01","cached":null,"cache_hit":false,"lookup_code":"undefined","msg":"Lookup code ${code}"}
{"level":30,"time":"2026-08-04T06:06:48.120Z","service.name":"redirector","service.version":"workshop02","trace_id":"d55c332d508655e324c597d245e1c0b2","span_id":"8506348d8e01e694","trace_flags":"01","msg":"GET /resolve/:code"}
{"level":30,"time":"2026-08-04T06:06:53.148Z","service.name":"redirector","service.version":"workshop02","trace_id":"0543a1818a69f319dfd958cc2f2907cc","span_id":"3944f7c1a432694b","trace_flags":"01","cached":null,"cache_hit":false,"lookup_code":"undefined","msg":"Lookup code ${code}"}
{"level":30,"time":"2026-08-04T06:06:53.149Z","service.name":"redirector","service.version":"workshop02","trace_id":"0543a1818a69f319dfd958cc2f2907cc","span_id":"3944f7c1a432694b","trace_flags":"01","msg":"GET /resolve/:code"}
